------------------------------------------------------------
Timing Analyzer Summary
------------------------------------------------------------

Type  : Slow 1100mV 85C Model Setup 'clk'
Slack : -17.200
TNS   : -34379.430

Type  : Slow 1100mV 85C Model Hold 'clk'
Slack : 0.327
TNS   : 0.000

Type  : Slow 1100mV 85C Model Minimum Pulse Width 'clk'
Slack : -0.724
TNS   : -2664.150

Type  : Slow 1100mV 0C Model Setup 'clk'
Slack : -17.026
TNS   : -33758.064

Type  : Slow 1100mV 0C Model Hold 'clk'
Slack : 0.318
TNS   : 0.000

Type  : Slow 1100mV 0C Model Minimum Pulse Width 'clk'
Slack : -0.724
TNS   : -2662.233

Type  : Fast 1100mV 85C Model Setup 'clk'
Slack : -7.760
TNS   : -14522.569

Type  : Fast 1100mV 85C Model Hold 'clk'
Slack : 0.140
TNS   : 0.000

Type  : Fast 1100mV 85C Model Minimum Pulse Width 'clk'
Slack : -0.093
TNS   : -201.560

Type  : Fast 1100mV 0C Model Setup 'clk'
Slack : -6.772
TNS   : -12609.567

Type  : Fast 1100mV 0C Model Hold 'clk'
Slack : 0.128
TNS   : 0.000

Type  : Fast 1100mV 0C Model Minimum Pulse Width 'clk'
Slack : -0.092
TNS   : -202.539

------------------------------------------------------------
